> Task :app:preBuild UP-TO-DATE
> Task :app:preDebugBuild UP-TO-DATE
> Task :app:mergeDebugNativeDebugMetadata NO-SOURCE
> Task :app:dataBindingMergeDependencyArtifactsDebug FAILED

[Incubating] Problems report is available at: file:///E:/New%20folder/ScrollProject/build/reports/problems/problems-report.html
./gradlew : 
At line:1 char:1
+ ./gradlew assembleDebug > build_output.txt 2>&1
+ ~~~~~~~~~~~~~~~~~~~~~~~~~~~~~~~~~~~~~~~~~~~~~~~
    + CategoryInfo          : NotSpecified: (:String) [], RemoteException
    + FullyQualifiedErrorId : NativeCommandError
 
FAILURE: Build failed with an exception.

* What went wrong:
Execution failed for task ':app:dataBindingMergeDependencyArtifactsDebug'.
> Could not resolve all dependencies for configuration ':app:debugCompileClasspath'.
   > Configuration `:app:debugRuntimeClasspath` contains AndroidX dependencies, but the `android.useAndroidX` property 
is not enabled, which may cause runtime issues.
     Set `android.useAndroidX=true` in the `gradle.properties` file and retry.
     The following AndroidX dependencies are detected:
     :app:debugRuntimeClasspath -> androidx.compose.ui:ui-tooling:1.6.7
     :app:debugRuntimeClasspath -> androidx.compose:compose-bom:2024.05.00 -> 
androidx.compose.ui:ui-tooling-android:1.6.7
     :app:debugRuntimeClasspath -> androidx.activity:activity-compose:1.8.0
     :app:debugRuntimeClasspath -> com.google.android.material:material:1.10.0 -> androidx.activity:activity:1.8.0 -> 
androidx.activity:activity-ktx:1.8.0
     :app:debugRuntimeClasspath -> com.google.android.material:material:1.10.0 -> androidx.activity:activity:1.8.0
     :app:debugRuntimeClasspath -> com.google.android.material:material:1.10.0 -> androidx.annotation:annotation:1.7.1
     :app:debugRuntimeClasspath -> com.google.android.material:material:1.10.0 -> androidx.annotation:annotation:1.7.1 
-> androidx.annotation:annotation-jvm:1.7.1
     :app:debugRuntimeClasspath -> io.coil-kt:coil-compose:2.6.0 -> io.coil-kt:coil-compose-base:2.6.0 -> 
io.coil-kt:coil-base:2.6.0 -> androidx.collection:collection:1.4.0
     :app:debugRuntimeClasspath -> io.coil-kt:coil-compose:2.6.0 -> io.coil-kt:coil-compose-base:2.6.0 -> 
io.coil-kt:coil-base:2.6.0 -> androidx.collection:collection:1.4.0 -> androidx.collection:collection-jvm:1.4.0
     :app:debugRuntimeClasspath -> androidx.compose:compose-bom:2024.05.00 -> 
androidx.compose.ui:ui-unit-android:1.6.7 -> androidx.collection:collection-ktx:1.4.0
     :app:debugRuntimeClasspath -> com.google.android.material:material:1.10.0 -> androidx.core:core:1.12.0
     :app:debugRuntimeClasspath -> com.google.android.material:material:1.10.0 -> 
androidx.annotation:annotation-experimental:1.4.0
     :app:debugRuntimeClasspath -> com.google.android.material:material:1.10.0 -> androidx.core:core:1.12.0 -> 
androidx.concurrent:concurrent-futures:1.1.0
     :app:debugRuntimeClasspath -> io.coil-kt:coil-compose:2.6.0 -> io.coil-kt:coil-compose-base:2.6.0 -> 
io.coil-kt:coil-base:2.6.0 -> androidx.appcompat:appcompat-resources:1.6.1 -> 
androidx.vectordrawable:vectordrawable-animated:1.1.0 -> androidx.interpolator:interpolator:1.0.0
     :app:debugRuntimeClasspath -> com.google.android.material:material:1.10.0 -> 
androidx.lifecycle:lifecycle-runtime:2.7.0
     :app:debugRuntimeClasspath -> androidx.appcompat:appcompat:1.6.1 -> androidx.savedstate:savedstate:1.2.1 -> 
androidx.arch.core:core-common:2.2.0
     :app:debugRuntimeClasspath -> androidx.work:work-runtime-ktx:2.9.0 -> androidx.work:work-runtime:2.9.0 -> 
androidx.lifecycle:lifecycle-livedata:2.7.0 -> androidx.arch.core:core-runtime:2.2.0
     :app:debugRuntimeClasspath -> com.google.dagger:hilt-android:2.52 -> androidx.lifecycle:lifecycle-common:2.7.0
     :app:debugRuntimeClasspath -> androidx.compose:compose-bom:2024.05.00 -> 
androidx.compose.material3:material3-android:1.2.1 -> androidx.lifecycle:lifecycle-common-java8:2.7.0
     :app:debugRuntimeClasspath -> androidx.lifecycle:lifecycle-runtime-ktx:2.7.0
     :app:debugRuntimeClasspath -> androidx.appcompat:appcompat:1.6.1 -> androidx.lifecycle:lifecycle-viewmodel:2.7.0
     :app:debugRuntimeClasspath -> androidx.lifecycle:lifecycle-viewmodel-compose:2.7.0
     :app:debugRuntimeClasspath -> androidx.compose:compose-bom:2024.05.00 -> androidx.compose.runtime:runtime:1.6.7
     :app:debugRuntimeClasspath -> androidx.compose:compose-bom:2024.05.00 -> 
androidx.compose.runtime:runtime-android:1.6.7
     :app:debugRuntimeClasspath -> androidx.compose:compose-bom:2024.05.00 -> 
androidx.compose.runtime:runtime-saveable:1.6.7
     :app:debugRuntimeClasspath -> androidx.compose:compose-bom:2024.05.00 -> 
androidx.compose.runtime:runtime-saveable-android:1.6.7
     :app:debugRuntimeClasspath -> androidx.compose.ui:ui:1.6.7
     :app:debugRuntimeClasspath -> androidx.compose:compose-bom:2024.05.00 -> androidx.compose.ui:ui-android:1.6.7
     :app:debugRuntimeClasspath -> androidx.compose:compose-bom:2024.05.00 -> androidx.compose.ui:ui-android:1.6.7 -> 
androidx.autofill:autofill:1.0.0
     :app:debugRuntimeClasspath -> androidx.compose:compose-bom:2024.05.00 -> androidx.compose.ui:ui-geometry:1.6.7
     :app:debugRuntimeClasspath -> androidx.compose:compose-bom:2024.05.00 -> 
androidx.compose.ui:ui-geometry-android:1.6.7
     :app:debugRuntimeClasspath -> androidx.compose:compose-bom:2024.05.00 -> androidx.compose.ui:ui-util:1.6.7
     :app:debugRuntimeClasspath -> androidx.compose:compose-bom:2024.05.00 -> androidx.compose.ui:ui-util-android:1.6.7
     :app:debugRuntimeClasspath -> androidx.compose.ui:ui-graphics:1.6.7
     :app:debugRuntimeClasspath -> androidx.compose:compose-bom:2024.05.00 -> 
androidx.compose.ui:ui-graphics-android:1.6.7
     :app:debugRuntimeClasspath -> androidx.compose:compose-bom:2024.05.00 -> androidx.compose.ui:ui-unit:1.6.7
     :app:debugRuntimeClasspath -> androidx.compose:compose-bom:2024.05.00 -> androidx.compose.ui:ui-unit-android:1.6.7
     :app:debugRuntimeClasspath -> androidx.compose:compose-bom:2024.05.00 -> androidx.compose.ui:ui-text:1.6.7
     :app:debugRuntimeClasspath -> androidx.compose:compose-bom:2024.05.00 -> androidx.compose.ui:ui-text-android:1.6.7
     :app:debugRuntimeClasspath -> androidx.appcompat:appcompat:1.6.1 -> androidx.emoji2:emoji2:1.3.0
     :app:debugRuntimeClasspath -> androidx.appcompat:appcompat:1.6.1 -> androidx.emoji2:emoji2:1.3.0 -> 
androidx.lifecycle:lifecycle-process:2.7.0
     :app:debugRuntimeClasspath -> androidx.work:work-runtime-ktx:2.9.0 -> androidx.work:work-runtime:2.9.0 -> 
androidx.startup:startup-runtime:1.1.1
     :app:debugRuntimeClasspath -> com.google.android.material:material:1.10.0 -> androidx.activity:activity:1.8.0 -> 
androidx.tracing:tracing:1.0.0
     :app:debugRuntimeClasspath -> androidx.work:work-runtime-ktx:2.9.0 -> androidx.work:work-runtime:2.9.0 -> 
androidx.lifecycle:lifecycle-livedata:2.7.0
     :app:debugRuntimeClasspath -> com.google.android.material:material:1.10.0 -> androidx.fragment:fragment:1.5.1 -> 
androidx.lifecycle:lifecycle-livedata-core:2.7.0
     :app:debugRuntimeClasspath -> androidx.work:work-runtime-ktx:2.9.0 -> androidx.work:work-runtime:2.9.0 -> 
androidx.lifecycle:lifecycle-service:2.7.0
     :app:debugRuntimeClasspath -> androidx.appcompat:appcompat:1.6.1 -> androidx.emoji2:emoji2:1.3.0 -> 
androidx.lifecycle:lifecycle-process:2.7.0 -> androidx.lifecycle:lifecycle-livedata-core-ktx:2.7.0
     :app:debugRuntimeClasspath -> androidx.lifecycle:lifecycle-viewmodel-ktx:2.7.0
     :app:debugRuntimeClasspath -> com.google.dagger:hilt-android:2.52 -> 
androidx.lifecycle:lifecycle-viewmodel-savedstate:2.7.0
     :app:debugRuntimeClasspath -> io.coil-kt:coil-compose:2.6.0 -> io.coil-kt:coil-compose-base:2.6.0 -> 
androidx.core:core-ktx:1.12.0
     :app:debugRuntimeClasspath -> androidx.appcompat:appcompat:1.6.1 -> androidx.savedstate:savedstate:1.2.1
     :app:debugRuntimeClasspath -> com.google.android.material:material:1.10.0 -> androidx.activity:activity:1.8.0 -> 
androidx.activity:activity-ktx:1.8.0 -> androidx.savedstate:savedstate-ktx:1.2.1
     :app:debugRuntimeClasspath -> androidx.appcompat:appcompat:1.6.1 -> androidx.emoji2:emoji2-views-helper:1.3.0
     :app:debugRuntimeClasspath -> androidx.compose:compose-bom:2024.05.00 -> androidx.compose.ui:ui-tooling-data:1.6.7
     :app:debugRuntimeClasspath -> androidx.compose:compose-bom:2024.05.00 -> 
androidx.compose.ui:ui-tooling-data-android:1.6.7
     :app:debugRuntimeClasspath -> androidx.compose.ui:ui-tooling-preview:1.6.7
     :app:debugRuntimeClasspath -> androidx.compose:compose-bom:2024.05.00 -> 
androidx.compose.ui:ui-tooling-preview-android:1.6.7
     :app:debugRuntimeClasspath -> androidx.recyclerview:recyclerview:1.3.2 -> 
androidx.customview:customview-poolingcontainer:1.0.0
     :app:debugRuntimeClasspath -> io.coil-kt:coil-compose:2.6.0 -> io.coil-kt:coil-compose-base:2.6.0 -> 
io.coil-kt:coil-base:2.6.0 -> androidx.profileinstaller:profileinstaller:1.3.1
     :app:debugRuntimeClasspath -> androidx.compose:compose-bom:2024.05.00 -> 
androidx.compose.foundation:foundation:1.6.7
     :app:debugRuntimeClasspath -> androidx.compose:compose-bom:2024.05.00 -> 
androidx.compose.foundation:foundation-android:1.6.7
     :app:debugRuntimeClasspath -> androidx.compose:compose-bom:2024.05.00 -> 
androidx.compose.animation:animation:1.6.7
     :app:debugRuntimeClasspath -> androidx.compose:compose-bom:2024.05.00 -> 
androidx.compose.animation:animation-android:1.6.7
     :app:debugRuntimeClasspath -> androidx.compose:compose-bom:2024.05.00 -> 
androidx.compose.animation:animation-core:1.6.7
     :app:debugRuntimeClasspath -> androidx.compose:compose-bom:2024.05.00 -> 
androidx.compose.animation:animation-core-android:1.6.7
     :app:debugRuntimeClasspath -> androidx.compose:compose-bom:2024.05.00 -> 
androidx.compose.foundation:foundation-layout:1.6.7
     :app:debugRuntimeClasspath -> androidx.compose:compose-bom:2024.05.00 -> 
androidx.compose.foundation:foundation-layout-android:1.6.7
     :app:debugRuntimeClasspath -> com.google.android.material:material:1.10.0 -> androidx.core:core:1.12.0 -> 
androidx.versionedparcelable:versionedparcelable:1.1.1
     :app:debugRuntimeClasspath -> androidx.compose:compose-bom:2024.05.00 -> androidx.compose.material:material:1.6.7
     :app:debugRuntimeClasspath -> androidx.compose:compose-bom:2024.05.00 -> 
androidx.compose.material:material-android:1.6.7
     :app:debugRuntimeClasspath -> androidx.compose:compose-bom:2024.05.00 -> 
androidx.compose.material:material-icons-core:1.6.7
     :app:debugRuntimeClasspath -> androidx.compose:compose-bom:2024.05.00 -> 
androidx.compose.material:material-icons-core-android:1.6.7
     :app:debugRuntimeClasspath -> androidx.compose:compose-bom:2024.05.00 -> 
androidx.compose.material:material-ripple:1.6.7
     :app:debugRuntimeClasspath -> androidx.compose:compose-bom:2024.05.00 -> 
androidx.compose.material:material-ripple-android:1.6.7
     :app:debugRuntimeClasspath -> androidx.appcompat:appcompat:1.6.1
     :app:debugRuntimeClasspath -> io.coil-kt:coil-compose:2.6.0 -> io.coil-kt:coil-compose-base:2.6.0 -> 
io.coil-kt:coil-base:2.6.0 -> androidx.appcompat:appcompat-resources:1.6.1
     :app:debugRuntimeClasspath -> com.google.android.material:material:1.10.0 -> 
androidx.vectordrawable:vectordrawable:1.1.0
     :app:debugRuntimeClasspath -> io.coil-kt:coil-compose:2.6.0 -> io.coil-kt:coil-compose-base:2.6.0 -> 
io.coil-kt:coil-base:2.6.0 -> androidx.appcompat:appcompat-resources:1.6.1 -> 
androidx.vectordrawable:vectordrawable-animated:1.1.0
     :app:debugRuntimeClasspath -> androidx.appcompat:appcompat:1.6.1 -> androidx.cursoradapter:cursoradapter:1.0.0
     :app:debugRuntimeClasspath -> com.google.android.material:material:1.10.0 -> 
androidx.drawerlayout:drawerlayout:1.1.1
     :app:debugRuntimeClasspath -> androidx.recyclerview:recyclerview:1.3.2 -> androidx.customview:customview:1.1.0
     :app:debugRuntimeClasspath -> com.google.android.material:material:1.10.0 -> androidx.fragment:fragment:1.5.1
     :app:debugRuntimeClasspath -> com.google.android.material:material:1.10.0 -> androidx.fragment:fragment:1.5.1 -> 
androidx.loader:loader:1.0.0
     :app:debugRuntimeClasspath -> com.google.android.material:material:1.10.0 -> androidx.fragment:fragment:1.5.1 -> 
androidx.viewpager:viewpager:1.0.0
     :app:debugRuntimeClasspath -> com.google.android.material:material:1.10.0 -> 
androidx.resourceinspection:resourceinspection-annotation:1.0.1
     :app:debugRuntimeClasspath -> com.google.android.material:material:1.10.0
     :app:debugRuntimeClasspath -> com.google.android.material:material:1.10.0 -> androidx.cardview:cardview:1.0.0
     :app:debugRuntimeClasspath -> com.google.android.material:material:1.10.0 -> 
androidx.coordinatorlayout:coordinatorlayout:1.1.0
     :app:debugRuntimeClasspath -> androidx.constraintlayout:constraintlayout:2.1.4
     :app:debugRuntimeClasspath -> androidx.constraintlayout:constraintlayout:2.1.4 -> 
androidx.constraintlayout:constraintlayout-core:1.0.4
     :app:debugRuntimeClasspath -> com.google.android.material:material:1.10.0 -> 
androidx.dynamicanimation:dynamicanimation:1.0.0
     :app:debugRuntimeClasspath -> com.google.android.material:material:1.10.0 -> 
androidx.dynamicanimation:dynamicanimation:1.0.0 -> androidx.legacy:legacy-support-core-utils:1.0.0
     :app:debugRuntimeClasspath -> com.google.android.material:material:1.10.0 -> 
androidx.dynamicanimation:dynamicanimation:1.0.0 -> androidx.legacy:legacy-support-core-utils:1.0.0 -> 
androidx.documentfile:documentfile:1.0.0
     :app:debugRuntimeClasspath -> com.google.android.material:material:1.10.0 -> 
androidx.dynamicanimation:dynamicanimation:1.0.0 -> androidx.legacy:legacy-support-core-utils:1.0.0 -> 
androidx.localbroadcastmanager:localbroadcastmanager:1.0.0
     :app:debugRuntimeClasspath -> com.google.android.material:material:1.10.0 -> 
androidx.dynamicanimation:dynamicanimation:1.0.0 -> androidx.legacy:legacy-support-core-utils:1.0.0 -> 
androidx.print:print:1.0.0
     :app:debugRuntimeClasspath -> androidx.recyclerview:recyclerview:1.3.2
     :app:debugRuntimeClasspath -> com.google.android.material:material:1.10.0 -> 
androidx.viewpager2:viewpager2:1.1.0-beta02
     :app:debugRuntimeClasspath -> com.google.android.material:material:1.10.0 -> androidx.transition:transition:1.2.0
     :app:debugRuntimeClasspath -> androidx.compose:compose-bom:2024.05.00
     :app:debugRuntimeClasspath -> androidx.compose.material3:material3:1.2.1
     :app:debugRuntimeClasspath -> androidx.compose:compose-bom:2024.05.00 -> 
androidx.compose.material3:material3-android:1.2.1
     :app:debugRuntimeClasspath -> androidx.room:room-runtime:2.6.1
     :app:debugRuntimeClasspath -> androidx.room:room-ktx:2.6.1 -> androidx.room:room-common:2.6.1
     :app:debugRuntimeClasspath -> androidx.room:room-ktx:2.6.1
     :app:debugRuntimeClasspath -> androidx.room:room-runtime:2.6.1 -> androidx.sqlite:sqlite:2.4.0
     :app:debugRuntimeClasspath -> androidx.work:work-runtime-ktx:2.9.0 -> androidx.work:work-runtime:2.9.0 -> 
androidx.sqlite:sqlite-framework:2.4.0
     :app:debugRuntimeClasspath -> androidx.work:work-runtime-ktx:2.9.0
     :app:debugRuntimeClasspath -> androidx.work:work-runtime-ktx:2.9.0 -> androidx.work:work-runtime:2.9.0
     :app:debugRuntimeClasspath -> io.coil-kt:coil-compose:2.6.0 -> io.coil-kt:coil-compose-base:2.6.0 -> 
io.coil-kt:coil-base:2.6.0 -> androidx.exifinterface:exifinterface:1.3.7

* Try:
> Run with --stacktrace option to get the stack trace.
> Run with --info or --debug option to get more log output.
> Run with --scan to get full insights from a Build Scan (powered by Develocity).
> Get more help at https://help.gradle.org.

Deprecated Gradle features were used in this build, making it incompatible with Gradle 10.

You can use '--warning-mode all' to show the individual deprecation warnings and determine if they come from your own scripts or plugins.

For more on this, please refer to https://docs.gradle.org/9.3.1/userguide/command_line_interface.html#sec:command_line_warnings in the Gradle documentation.

BUILD FAILED in 4s
1 actionable task: 1 executed
